// Jest Snapshot v1, https://goo.gl/fbAQLP

exports[`renders without crashing 1`] = `
<div
  className="App"
>
  <header
    className="MuiPaper-root-9 MuiPaper-elevation4-15 MuiAppBar-root-1 MuiAppBar-positionStatic-5 MuiAppBar-colorPrimary-7"
  >
    <div
      className="MuiToolbar-root-36 MuiToolbar-regular-38 MuiToolbar-gutters-37"
    >
      <button
        aria-label="Menu"
        className="MuiButtonBase-root-46 MuiIconButton-root-40 MuiIconButton-colorInherit-41"
        disabled={false}
        onBlur={[Function]}
        onFocus={[Function]}
        onKeyDown={[Function]}
        onKeyUp={[Function]}
        onMouseDown={[Function]}
        onMouseLeave={[Function]}
        onMouseUp={[Function]}
        onTouchEnd={[Function]}
        onTouchMove={[Function]}
        onTouchStart={[Function]}
        tabIndex="0"
        type="button"
      >
        <span
          className="MuiIconButton-label-45"
        >
          <svg
            aria-hidden="true"
            className="MuiSvgIcon-root-49"
            color={undefined}
            focusable="false"
            viewBox="0 0 24 24"
          >
            <path
              d="M0 0h24v24H0z"
              fill="none"
            />
            <path
              d="M3 18h18v-2H3v2zm0-5h18v-2H3v2zm0-7v2h18V6H3z"
            />
          </svg>
        </span>
        <span
          className="MuiTouchRipple-root-56"
        />
      </button>
    </div>
  </header>
  <header
    className="App-header"
  >
    <h1
      className="App-title"
    >
      Welcome to React
    </h1>
  </header>
</div>
`;
